// Jest Snapshot v1, https://goo.gl/fbAQLP

exports[`OptionInput renders matching snapshot 1`] = `
<ForwardRef
  defaultChecked={true}
  disabled={false}
  flex={true}
  is={
    Object {
      "$$typeof": Symbol(react.forward_ref),
      "displayName": "WithTheme(undefined)",
      "render": [Function],
    }
  }
  items="center"
  onTouch={[Function]}
>
  <ForwardRef
    checked={true}
    inline={false}
    inlineBlock={false}
    innerRef={
      Object {
        "current": null,
      }
    }
    is="input"
    name="test"
    onChange={[Function]}
    tabIndex="-1"
    type="radio"
    value="test-1"
    visuallyHidden={true}
  />
  <ForwardRef
    border={
      Array [
        true,
        "blue-400",
      ]
    }
    col={false}
    h={4}
    inline={false}
    inlineBlock={true}
    inlineFlex={false}
    is="div"
    items="center"
    justify="center"
    m={
      Object {
        "r": 2,
      }
    }
    reverse={false}
    rounded="full"
    w={4}
    wrap={false}
    wrapReverse={false}
  >
    <ForwardRef
      bg="blue-400"
      h={2}
      inline={false}
      inlineBlock={true}
      is="div"
      rounded="full"
      w={2}
    />
  </ForwardRef>
  <ForwardRef
    font="normal"
    inline={false}
    inlineBlock={true}
    is="div"
    leading="tight"
    visuallyHidden={false}
  >
    Test?
  </ForwardRef>
</ForwardRef>
`;
