// Jest Snapshot v1, https://goo.gl/fbAQLP

exports[`Header renders matching snapshot 1`] = `
<ForwardRef
  bg="blue-400"
  id="header-1"
  inline={false}
  inlineBlock={false}
  is="header"
  p={
    Object {
      "y": 4,
    }
  }
  role="banner"
  text="white"
>
  <ForwardRef
    is={
      Object {
        "$$typeof": Symbol(react.forward_ref),
        "defaultProps": Object {
          "children": undefined,
          "col": false,
          "inline": false,
          "inlineFlex": false,
          "is": "div",
          "reverse": false,
          "wrap": false,
          "wrapReverse": false,
        },
        "propTypes": Object {
          "children": [Function],
          "col": [Function],
          "inline": [Function],
          "inlineFlex": [Function],
          "is": [Function],
          "reverse": [Function],
          "wrap": [Function],
          "wrapReverse": [Function],
        },
        "render": [Function],
      }
    }
    items="center"
    justify="between"
    padding={true}
    wrap={true}
  >
    <Component
      header={
        Object {
          "collapsable": true,
          "id": "header-1",
          "onToggle": [Function],
          "open": false,
          "screen": "lg",
          "style": Object {
            "bg": "blue-400",
            "text": "white",
          },
        }
      }
      key=".0"
    />
  </ForwardRef>
</ForwardRef>
`;
