// Jest Snapshot v1, https://goo.gl/fbAQLP

exports[`NavToggle renders matching snapshot 1`] = `
<ForwardRef
  aria-controls="undefined-nav"
  aria-haspopup="true"
  aria-label="Open menu"
  bg-hocus="white"
  block={true}
  h={12}
  onClick={[Function]}
  p={0}
  text="white"
  text-hocus="blue-400"
  w={12}
>
  <ForwardRef
    flex={
      Array [
        true,
        "col",
      ]
    }
    h="full"
    inline={false}
    inlineBlock={false}
    is="div"
    items="stretch"
    justify="around"
    p={3}
  >
    <Bar />
    <Bar />
    <Bar />
  </ForwardRef>
</ForwardRef>
`;
