// Jest Snapshot v1, https://goo.gl/fbAQLP

exports[`SkipLink renders matching snapshot 1`] = `
<ForwardRef
  inline={false}
  inlineBlock={false}
  is="div"
  visuallyHiddenFocusable={true}
>
  <ForwardRef
    absolute={true}
    bg="white"
    href="#main"
    is="a"
    rounded="none"
    text="black"
  >
    Skip to main content
  </ForwardRef>
</ForwardRef>
`;
