// Jest Snapshot v1, https://goo.gl/fbAQLP

exports[`Article renders matching snapshot 1`] = `
<ForwardRef
  is="article"
>
  Lorem ipsum...
</ForwardRef>
`;
