// Jest Snapshot v1, https://goo.gl/fbAQLP

exports[`Aside renders matching snapshot 1`] = `
<ForwardRef
  is="aside"
>
  Lorem ipsum...
</ForwardRef>
`;
